// Jest Snapshot v1, https://goo.gl/fbAQLP

exports[`Table tests Verify Table: Table 1`] = `
<div
  className="body-114"
>
  <div>
    <div
      className="ms-Viewport"
      style={
        {
          "minHeight": 1,
          "minWidth": 1,
        }
      }
    >
      <div
        className="ms-DetailsList ms-DetailsList--Compact is-horizontalConstrained root-115"
        data-automationid="DetailsList"
        data-is-scrollable="false"
      >
        <div
          aria-colcount={3}
          aria-rowcount={7}
          role="grid"
        >
          <div
            className="ms-DetailsList-headerWrapper"
            onKeyDown={[Function]}
            role="presentation"
          />
          <div
            className="ms-DetailsList-contentWrapper"
            onKeyDown={[Function]}
            role="presentation"
          >
            <div
              className="ms-SelectionZone"
              onClick={[Function]}
              onContextMenu={[Function]}
              onDoubleClick={[Function]}
              onFocusCapture={[Function]}
              onKeyDown={[Function]}
              onKeyDownCapture={[Function]}
              onMouseDown={[Function]}
              onMouseDownCapture={[Function]}
              role="presentation"
            >
              <div
                className="ms-FocusZone css-120 ms-GroupedList ms-GroupedList--Compact root-117 focusZone-116"
                data-automationid="GroupedList"
                data-focuszone-id="FocusZone3"
                data-is-scrollable="false"
                onBlur={[Function]}
                onFocus={[Function]}
                onKeyDown={[Function]}
                onMouseDownCapture={[Function]}
                role="presentation"
              >
                <div
                  className="ms-List"
                  role="presentation"
                >
                  <div
                    className="ms-List-surface"
                    role="presentation"
                  >
                    <div
                      className="ms-List-page"
                      role="presentation"
                      style={{}}
                    >
                      <div
                        className="ms-List-cell"
                        data-automationid="ListCell"
                        data-list-index={0}
                        role="presentation"
                      >
                        <div
                          className="ms-GroupedList-group group-118"
                          role="presentation"
                        >
                          <div
                            className="headerAndFooter-109"
                          >
                            <div
                              className="headerTitle-110"
                            >
                              Group 1
                            </div>
                          </div>
                          <div
                            aria-label="Group 1"
                            className="ms-List"
                            id="GroupedListSection4"
                            role="rowgroup"
                          >
                            <div
                              className="ms-List-surface"
                              role="presentation"
                            >
                              <div
                                className="ms-List-page"
                                role="presentation"
                                style={{}}
                              >
                                <div
                                  className="ms-List-cell"
                                  data-automationid="ListCell"
                                  data-list-index={0}
                                  role="presentation"
                                >
                                  <div
                                    aria-rowindex={2}
                                    className="ms-FocusZone css-120 ms-DetailsRow root-123"
                                    data-automationid="DetailsRow"
                                    data-focuszone-id="FocusZone8"
                                    data-is-focusable={true}
                                    data-item-index={0}
                                    data-selection-index={0}
                                    data-selection-touch-invoke={true}
                                    id="row2-0"
                                    onFocus={[Function]}
                                    onKeyDown={[Function]}
                                    onMouseDownCapture={[Function]}
                                    role="row"
                                    tabIndex={0}
                                  >
                                    <span
                                      className="ms-GroupSpacer"
                                      role="gridcell"
                                      style={
                                        {
                                          "display": "inline-block",
                                          "width": 4,
                                        }
                                      }
                                    />
                                    <div
                                      className="ms-DetailsRow-fields fields-129"
                                      data-automationid="DetailsRowFields"
                                      role="presentation"
                                    >
                                      <div
                                        className="ms-DetailsRow-cell cell-126 cellUnpadded-124"
                                        data-automation-key="name"
                                        data-automationid="DetailsRowCell"
                                        role="gridcell"
                                        style={
                                          {
                                            "width": 240,
                                          }
                                        }
                                      >
                                        <div
                                          className="cellText-111"
                                          data-is-focusable={true}
                                        >
                                          Total physical qubits
                                          <div
                                            className="ms-TooltipHost tooltipHost-132"
                                            onBlurCapture={[Function]}
                                            onFocusCapture={[Function]}
                                            onKeyDown={[Function]}
                                            onMouseEnter={[Function]}
                                            onMouseLeave={[Function]}
                                            role="none"
                                          >
                                            <i
                                              aria-hidden={true}
                                              className="infoIcon-133"
                                              data-icon-name="Info"
                                            />
                                            <div
                                              hidden={true}
                                              id="tooltip9"
                                              style={
                                                {
                                                  "border": 0,
                                                  "height": 1,
                                                  "margin": -1,
                                                  "overflow": "hidden",
                                                  "padding": 0,
                                                  "position": "absolute",
                                                  "whiteSpace": "nowrap",
                                                  "width": 1,
                                                }
                                              }
                                            >
                                              Total physical qubits required for algorithm and T factories.
                                            </div>
                                          </div>
                                        </div>
                                      </div>
                                      <div
                                        className="ms-DetailsRow-cell cell-126 cellUnpadded-124"
                                        data-automation-key="value"
                                        data-automationid="DetailsRowCell"
                                        role="gridcell"
                                        style={
                                          {
                                            "width": 70,
                                          }
                                        }
                                      >
                                        <div
                                          className="cellText-111"
                                          data-is-focusable={true}
                                        >
                                          12
                                        </div>
                                      </div>
                                    </div>
                                  </div>
                                </div>
                              </div>
                            </div>
                          </div>
                        </div>
                      </div>
                    </div>
                    <div
                      className="ms-List-page"
                      role="presentation"
                      style={{}}
                    >
                      <div
                        className="ms-List-cell"
                        data-automationid="ListCell"
                        data-list-index={1}
                        role="presentation"
                      >
                        <div
                          className="ms-GroupedList-group group-118"
                          role="presentation"
                        >
                          <div
                            className="headerAndFooter-109"
                          >
                            <div
                              className="headerTitle-110"
                            >
                              Group 2
                            </div>
                          </div>
                          <div
                            aria-label="Group 2"
                            className="ms-List"
                            id="GroupedListSection5"
                            role="rowgroup"
                          >
                            <div
                              className="ms-List-surface"
                              role="presentation"
                            >
                              <div
                                className="ms-List-page"
                                role="presentation"
                                style={{}}
                              >
                                <div
                                  className="ms-List-cell"
                                  data-automationid="ListCell"
                                  data-list-index={1}
                                  role="presentation"
                                >
                                  <div
                                    aria-rowindex={4}
                                    className="ms-FocusZone css-120 ms-DetailsRow root-123"
                                    data-automationid="DetailsRow"
                                    data-focuszone-id="FocusZone11"
                                    data-is-focusable={true}
                                    data-item-index={1}
                                    data-selection-index={1}
                                    data-selection-touch-invoke={true}
                                    id="row2-1"
                                    onFocus={[Function]}
                                    onKeyDown={[Function]}
                                    onMouseDownCapture={[Function]}
                                    role="row"
                                  >
                                    <span
                                      className="ms-GroupSpacer"
                                      role="gridcell"
                                      style={
                                        {
                                          "display": "inline-block",
                                          "width": 4,
                                        }
                                      }
                                    />
                                    <div
                                      className="ms-DetailsRow-fields fields-129"
                                      data-automationid="DetailsRowFields"
                                      role="presentation"
                                    >
                                      <div
                                        className="ms-DetailsRow-cell cell-126 cellUnpadded-124"
                                        data-automation-key="name"
                                        data-automationid="DetailsRowCell"
                                        role="gridcell"
                                        style={
                                          {
                                            "width": 240,
                                          }
                                        }
                                      >
                                        <div
                                          className="cellText-111"
                                          data-is-focusable={true}
                                        >
                                          Physical T factory qubits
                                          <div
                                            className="ms-TooltipHost tooltipHost-132"
                                            onBlurCapture={[Function]}
                                            onFocusCapture={[Function]}
                                            onKeyDown={[Function]}
                                            onMouseEnter={[Function]}
                                            onMouseLeave={[Function]}
                                            role="none"
                                          >
                                            <i
                                              aria-hidden={true}
                                              className="infoIcon-133"
                                              data-icon-name="Info"
                                            />
                                            <div
                                              hidden={true}
                                              id="tooltip12"
                                              style={
                                                {
                                                  "border": 0,
                                                  "height": 1,
                                                  "margin": -1,
                                                  "overflow": "hidden",
                                                  "padding": 0,
                                                  "position": "absolute",
                                                  "whiteSpace": "nowrap",
                                                  "width": 1,
                                                }
                                              }
                                            >
                                              Number of physical qubits for the T factories.
                                            </div>
                                          </div>
                                        </div>
                                      </div>
                                      <div
                                        className="ms-DetailsRow-cell cell-126 cellUnpadded-124"
                                        data-automation-key="value"
                                        data-automationid="DetailsRowCell"
                                        role="gridcell"
                                        style={
                                          {
                                            "width": 70,
                                          }
                                        }
                                      >
                                        <div
                                          className="cellText-111"
                                          data-is-focusable={true}
                                        >
                                          20
                                        </div>
                                      </div>
                                    </div>
                                  </div>
                                </div>
                                <div
                                  className="ms-List-cell"
                                  data-automationid="ListCell"
                                  data-list-index={2}
                                  role="presentation"
                                >
                                  <div
                                    aria-rowindex={5}
                                    className="ms-FocusZone css-120 ms-DetailsRow root-123"
                                    data-automationid="DetailsRow"
                                    data-focuszone-id="FocusZone14"
                                    data-is-focusable={true}
                                    data-item-index={2}
                                    data-selection-index={2}
                                    data-selection-touch-invoke={true}
                                    id="row2-2"
                                    onFocus={[Function]}
                                    onKeyDown={[Function]}
                                    onMouseDownCapture={[Function]}
                                    role="row"
                                  >
                                    <span
                                      className="ms-GroupSpacer"
                                      role="gridcell"
                                      style={
                                        {
                                          "display": "inline-block",
                                          "width": 4,
                                        }
                                      }
                                    />
                                    <div
                                      className="ms-DetailsRow-fields fields-129"
                                      data-automationid="DetailsRowFields"
                                      role="presentation"
                                    >
                                      <div
                                        className="ms-DetailsRow-cell cell-126 cellUnpadded-124"
                                        data-automation-key="name"
                                        data-automationid="DetailsRowCell"
                                        role="gridcell"
                                        style={
                                          {
                                            "width": 240,
                                          }
                                        }
                                      >
                                        <div
                                          className="cellText-111"
                                          data-is-focusable={true}
                                        >
                                          Number of T factory copies
                                          <div
                                            className="ms-TooltipHost tooltipHost-132"
                                            onBlurCapture={[Function]}
                                            onFocusCapture={[Function]}
                                            onKeyDown={[Function]}
                                            onMouseEnter={[Function]}
                                            onMouseLeave={[Function]}
                                            role="none"
                                          >
                                            <i
                                              aria-hidden={true}
                                              className="infoIcon-133"
                                              data-icon-name="Info"
                                            />
                                            <div
                                              hidden={true}
                                              id="tooltip15"
                                              style={
                                                {
                                                  "border": 0,
                                                  "height": 1,
                                                  "margin": -1,
                                                  "overflow": "hidden",
                                                  "padding": 0,
                                                  "position": "absolute",
                                                  "whiteSpace": "nowrap",
                                                  "width": 1,
                                                }
                                              }
                                            >
                                              Number of T factories capable of producing the demanded T states during the algorithm's runtime.
                                            </div>
                                          </div>
                                        </div>
                                      </div>
                                      <div
                                        className="ms-DetailsRow-cell cell-126 cellUnpadded-124"
                                        data-automation-key="value"
                                        data-automationid="DetailsRowCell"
                                        role="gridcell"
                                        style={
                                          {
                                            "width": 70,
                                          }
                                        }
                                      >
                                        <div
                                          className="cellText-111"
                                          data-is-focusable={true}
                                        >
                                          100
                                        </div>
                                      </div>
                                    </div>
                                  </div>
                                </div>
                              </div>
                            </div>
                          </div>
                        </div>
                      </div>
                    </div>
                    <div
                      className="ms-List-page"
                      role="presentation"
                      style={{}}
                    >
                      <div
                        className="ms-List-cell"
                        data-automationid="ListCell"
                        data-list-index={2}
                        role="presentation"
                      >
                        <div
                          className="ms-GroupedList-group group-118"
                          role="presentation"
                        >
                          <div
                            className="headerAndFooter-109"
                          >
                            <div
                              className="headerTitle-110"
                            >
                              Group 3
                            </div>
                          </div>
                          <div
                            aria-label="Group 3"
                            className="ms-List"
                            id="GroupedListSection6"
                            role="rowgroup"
                          >
                            <div
                              className="ms-List-surface"
                              role="presentation"
                            >
                              <div
                                className="ms-List-page"
                                role="presentation"
                                style={{}}
                              >
                                <div
                                  className="ms-List-cell"
                                  data-automationid="ListCell"
                                  data-list-index={3}
                                  role="presentation"
                                >
                                  <div
                                    aria-rowindex={7}
                                    className="ms-FocusZone css-120 ms-DetailsRow root-123"
                                    data-automationid="DetailsRow"
                                    data-focuszone-id="FocusZone17"
                                    data-is-focusable={true}
                                    data-item-index={3}
                                    data-selection-index={3}
                                    data-selection-touch-invoke={true}
                                    id="row2-3"
                                    onFocus={[Function]}
                                    onKeyDown={[Function]}
                                    onMouseDownCapture={[Function]}
                                    role="row"
                                  >
                                    <span
                                      className="ms-GroupSpacer"
                                      role="gridcell"
                                      style={
                                        {
                                          "display": "inline-block",
                                          "width": 4,
                                        }
                                      }
                                    />
                                    <div
                                      className="ms-DetailsRow-fields fields-129"
                                      data-automationid="DetailsRowFields"
                                      role="presentation"
                                    >
                                      <div
                                        className="ms-DetailsRow-cell cell-126 cellUnpadded-124"
                                        data-automation-key="name"
                                        data-automationid="DetailsRowCell"
                                        role="gridcell"
                                        style={
                                          {
                                            "width": 240,
                                          }
                                        }
                                      >
                                        <div
                                          className="cellText-111"
                                          data-is-focusable={true}
                                        >
                                          Physical qubits for single T factory
                                        </div>
                                      </div>
                                      <div
                                        className="ms-DetailsRow-cell cell-126 cellUnpadded-124"
                                        data-automation-key="value"
                                        data-automationid="DetailsRowCell"
                                        role="gridcell"
                                        style={
                                          {
                                            "width": 70,
                                          }
                                        }
                                      >
                                        <div
                                          className="cellText-111"
                                          data-is-focusable={true}
                                        >
                                          2
                                        </div>
                                      </div>
                                    </div>
                                  </div>
                                </div>
                              </div>
                            </div>
                          </div>
                        </div>
                      </div>
                    </div>
                  </div>
                </div>
              </div>
            </div>
          </div>
        </div>
      </div>
    </div>
  </div>
</div>
`;
