// Jest Snapshot v1, https://goo.gl/fbAQLP

exports[`Donut chart tests Verify Donut Chart: DonutChart 1`] = `
<div
  style={
    {
      "alignItems": "center",
      "justifyContent": "center",
    }
  }
>
  <svg
    height={1000}
    id="donutchart"
    width={1000}
  />
</div>
`;
