// Jest Snapshot v1, https://goo.gl/fbAQLP

exports[`Line chart tests Verify Line Chart: LineChart 1`] = `
<div>
  <div
    style={
      {
        "alignItems": "center",
        "justifyContent": "center",
      }
    }
  >
    <svg
      height={1000}
      id="linechart"
      width={1000}
    />
  </div>
</div>
`;
